// Jest Snapshot v1, https://goo.gl/fbAQLP

exports[`<Task /> with no props should match the snapshot 1`] = `"<div class=\\"MuiPaper-root Task-taskCard-7 MuiPaper-elevation1 MuiPaper-rounded\\" id=\\"task-paper\\"><div class=\\"MuiGrid-root MuiGrid-container MuiGrid-item MuiGrid-direction-xs-column MuiGrid-align-items-xs-flex-start\\"><div class=\\"MuiGrid-root MuiGrid-item MuiGrid-grid-xs-12 MuiGrid-grid-lg-12\\"><p class=\\"MuiTypography-root MuiTypography-caption\\" id=\\"desc-typography-test-id\\">test task</p></div><div class=\\"MuiGrid-root MuiGrid-container MuiGrid-item MuiGrid-align-items-xs-flex-end MuiGrid-justify-xs-flex-end MuiGrid-grid-xs-12 MuiGrid-grid-lg-12\\"><button class=\\"MuiButtonBase-root MuiFab-root MuiFab-extended MuiFab-sizeSmall MuiFab-colorInherit\\" tabindex=\\"0\\" type=\\"button\\" style=\\"box-shadow: none;\\" id=\\"view-task-fab\\"><span class=\\"MuiFab-label\\"><img alt=\\"view icon\\" src=\\"view.svg\\" style=\\"width: 15px;\\"></span><span class=\\"MuiTouchRipple-root\\"></span></button></div></div></div>"`;
