// Jest Snapshot v1, https://goo.gl/fbAQLP

exports[`<TaskForm /> with no props should match the snapshot 1`] = `ReactWrapper {}`;
